<?xml version="1.0" encoding="utf-8"?>
<test-run id="2" duration="4.7829999999999995" testcasecount="1" total="1" passed="1" failed="0" inconclusive="0" skipped="0" result="Passed" start-time="2019-01-09T 03:20:30Z" end-time="2019-01-09T 03:20:37Z">
  <test-suite type="Assembly" name="xUnitSample.dll" fullname="/Users/huynguyen/Projects/DotnetCore/dotnetcore-xunit-sample/xUnitSample/bin/Debug/netcoreapp2.1/xUnitSample.dll" total="1" passed="1" failed="0" inconclusive="0" skipped="0" result="Passed" duration="4.7829999999999995">
    <test-suite type="TestSuite" name="xUnitSample" fullname="xUnitSample" total="1" passed="1" failed="0" inconclusive="0" skipped="0" result="Passed" duration="4.7829999999999995">
      <test-suite type="TestFixture" name="UnitTest1" fullname="xUnitSample.UnitTest1" total="1" passed="1" failed="0" inconclusive="0" skipped="0" result="Passed" duration="4.7829999999999995">
        <test-case name="xUnitSample.UnitTest1.Test1" fullname="xUnitSample.UnitTest1.Test1" methodname="Test1" classname="xUnitSample.UnitTest1" result="Passed" duration="4.7829999999999995" asserts="0" />
      </test-suite>
    </test-suite>
    <errors />
  </test-suite>
</test-run>